// Jest Snapshot v1, https://goo.gl/fbAQLP

exports[`DeskproSDK renders the prop component 1`] = `
<ul
  className="dp-list dp-column-drawer-list"
  role="tree"
>
  <li
    className="dp-column-drawer--with-controls"
    style={
      Object {
        "display": "block",
      }
    }
  >
    <div
      className="dp-text-center"
    >
      <span
        className="SVGInline dp-loader dp-loader--xl"
        dangerouslySetInnerHTML={
          Object {
            "__html": "<svg class=\\"SVGInline-svg dp-loader-svg dp-loader--xl-svg\\" xmlns=\\"http://www.w3.org/2000/svg\\" viewBox=\\"0 0 16 16\\">
<g class=\\"st0\\">
  <path class=\\"st1\\" d=\\"M8 2c3.3 0 6 2.7 6 6s-2.7 6-6 6 -6-2.7-6-6S4.7 2 8 2M8 0C3.6 0 0 3.6 0 8s3.6 8 8 8 8-3.6 8-8S12.4 0 8 0L8 0z\\"/>
</g>
<path class=\\"st2\\" d=\\"M8 2V0C3.6 0 0 3.6 0 8h2C2 4.7 4.7 2 8 2z\\"/>
<path class=\\"st3\\" d=\\"M2 8c0-1.7 0.7-3.2 1.8-4.2L2.3 2.3C0.9 3.8 0 5.8 0 8s0.9 4.2 2.3 5.7l1.4-1.4C2.7 11.2 2 9.7 2 8z\\"/>
<path class=\\"st1\\" d=\\"M8 0v2c3.3 0 6 2.7 6 6s-2.7 6-6 6c-1.7 0-3.2-0.7-4.2-1.8l-1.4 1.4C3.8 15.1 5.8 16 8 16c4.4 0 8-3.6 8-8C16 3.6 12.4 0 8 0z\\"/>
</svg>",
          }
        }
      />
    </div>
  </li>
</ul>
`;

exports[`DeskproSDK renders the wrapped component 1`] = `
<ul
  className="dp-list dp-column-drawer-list"
  role="tree"
>
  <li
    className="dp-column-drawer--with-controls"
    style={
      Object {
        "display": "block",
      }
    }
  >
    <div
      className="dp-text-center"
    >
      <span
        className="SVGInline dp-loader dp-loader--xl"
        dangerouslySetInnerHTML={
          Object {
            "__html": "<svg class=\\"SVGInline-svg dp-loader-svg dp-loader--xl-svg\\" xmlns=\\"http://www.w3.org/2000/svg\\" viewBox=\\"0 0 16 16\\">
<g class=\\"st0\\">
  <path class=\\"st1\\" d=\\"M8 2c3.3 0 6 2.7 6 6s-2.7 6-6 6 -6-2.7-6-6S4.7 2 8 2M8 0C3.6 0 0 3.6 0 8s3.6 8 8 8 8-3.6 8-8S12.4 0 8 0L8 0z\\"/>
</g>
<path class=\\"st2\\" d=\\"M8 2V0C3.6 0 0 3.6 0 8h2C2 4.7 4.7 2 8 2z\\"/>
<path class=\\"st3\\" d=\\"M2 8c0-1.7 0.7-3.2 1.8-4.2L2.3 2.3C0.9 3.8 0 5.8 0 8s0.9 4.2 2.3 5.7l1.4-1.4C2.7 11.2 2 9.7 2 8z\\"/>
<path class=\\"st1\\" d=\\"M8 0v2c3.3 0 6 2.7 6 6s-2.7 6-6 6c-1.7 0-3.2-0.7-4.2-1.8l-1.4 1.4C3.8 15.1 5.8 16 8 16c4.4 0 8-3.6 8-8C16 3.6 12.4 0 8 0z\\"/>
</svg>",
          }
        }
      />
    </div>
  </li>
</ul>
`;
