// Jest Snapshot v1, https://goo.gl/fbAQLP

exports[`Link renders anchor tag 1`] = `
<a
  onClick={[Function]}
>
  Index
</a>
`;
