// Jest Snapshot v1, https://goo.gl/fbAQLP

exports[`Route renders its component 1`] = `
<div>
  Hello
</div>
`;
